173.199.120.83 - - [28/Oct/2012:04:42:19 +0000] "GET /robots.txt HTTP/1.1" 200 1561 "-" "Mozilla/5.0 (compatible; AhrefsBot/4.0; +http://ahrefs.com/robot/)"
173.199.120.83 - - [28/Oct/2012:05:08:02 +0000] "GET /robots.txt HTTP/1.1" 200 1561 "-" "Mozilla/5.0 (compatible; AhrefsBot/4.0; +http://ahrefs.com/robot/)"
86.98.83.131 - - [28/Oct/2012:05:17:47 +0000] "GET /sites/all/modules/civicrm/extern/open.php?q=18630 HTTP/1.1" 200 49 "-" "Mozilla/4.0 (compatible; MSIE 7.0; Windows NT 6.1; Trident/5.0; SLCC2; .NET CLR 2.0.50727; .NET CLR 3.5.30729; .NET CLR 3.0.30729; Media Center PC 6.0; .NET4.0C; InfoPath.2; MSOffice 12)"
86.98.83.131 - - [28/Oct/2012:05:18:01 +0000] "GET /sites/all/modules/civicrm/extern/open.php?q=18630 HTTP/1.1" 200 49 "-" "Mozilla/4.0 (compatible; MSIE 7.0; Windows NT 6.1; Trident/5.0; SLCC2; .NET CLR 2.0.50727; .NET CLR 3.5.30729; .NET CLR 3.0.30729; Media Center PC 6.0; .NET4.0C; InfoPath.2; MSOffice 12)"
94.56.246.26 - - [28/Oct/2012:05:23:55 +0000] "GET /sites/all/modules/civicrm/extern/open.php?q=18630 HTTP/1.1" 200 49 "-" "Mozilla/4.0 (compatible;)"
178.131.108.72 - - [28/Oct/2012:05:30:24 +0000] "GET /sites/all/modules/civicrm/extern/open.php?q=18862 HTTP/1.1" 200 49 "-" "Mozilla/5.0 (Windows NT 6.1; WOW64) AppleWebKit/537.4 (KHTML, like Gecko) Chrome/22.0.1229.94 Safari/537.4"
173.199.120.83 - - [28/Oct/2012:05:31:14 +0000] "GET /robots.txt HTTP/1.1" 200 1561 "-" "Mozilla/5.0 (compatible; AhrefsBot/4.0; +http://ahrefs.com/robot/)"
178.131.108.72 - - [28/Oct/2012:05:37:07 +0000] "GET /sites/all/modules/civicrm/extern/open.php?q=18862 HTTP/1.1" 200 49 "-" "Mozilla/5.0 (Windows NT 6.1; WOW64) AppleWebKit/537.4 (KHTML, like Gecko) Chrome/22.0.1229.94 Safari/537.4"
173.199.120.83 - - [28/Oct/2012:05:55:44 +0000] "GET /robots.txt HTTP/1.1" 200 1561 "-" "Mozilla/5.0 (compatible; AhrefsBot/4.0; +http://ahrefs.com/robot/)"
86.98.83.131 - - [28/Oct/2012:05:57:49 +0000] "GET /sites/all/modules/civicrm/extern/open.php?q=18630 HTTP/1.1" 200 49 "-" "Mozilla/4.0 (compatible; MSIE 7.0; Windows NT 6.1; Trident/5.0; SLCC2; .NET CLR 2.0.50727; .NET CLR 3.5.30729; .NET CLR 3.0.30729; Media Center PC 6.0; .NET4.0C; InfoPath.2; MSOffice 12)"
94.56.246.26 - - [28/Oct/2012:06:03:43 +0000] "GET /sites/all/modules/civicrm/extern/open.php?q=18630 HTTP/1.1" 200 49 "-" "Mozilla/4.0 (compatible;)"
173.199.120.83 - - [28/Oct/2012:06:23:43 +0000] "GET /robots.txt HTTP/1.1" 200 1561 "-" "Mozilla/5.0 (compatible; AhrefsBot/4.0; +http://ahrefs.com/robot/)"
41.188.50.233 - - [28/Oct/2012:06:38:23 +0000] "GET /sites/all/modules/civicrm/extern/open.php?q=18803 HTTP/1.1" 200 49 "http://36ohk6dgmcd1n-c.c.yom.mail.yahoo.net/om/api/1.0/openmail.app.invoke/36ohk6dgmcd1n/11/1.0.35/fr/fr-FR/controller.html/0" "Mozilla/4.0 (compatible; MSIE 8.0; Windows NT 6.1; Trident/4.0; BTRS122701; GTB7.4; SLCC2; .NET CLR 2.0.50727; .NET CLR 3.5.30729; .NET CLR 3.0.30729; Media Center PC 6.0; FDM; .NET4.0C; Tablet PC 2.0)"
86.98.83.131 - - [28/Oct/2012:06:49:34 +0000] "GET /sites/all/modules/civicrm/extern/open.php?q=18630 HTTP/1.1" 200 49 "-" "Mozilla/4.0 (compatible; MSIE 7.0; Windows NT 6.1; Trident/5.0; SLCC2; .NET CLR 2.0.50727; .NET CLR 3.5.30729; .NET CLR 3.0.30729; Media Center PC 6.0; .NET4.0C; InfoPath.2; MSOffice 12)"
173.199.120.83 - - [28/Oct/2012:06:50:01 +0000] "GET /robots.txt HTTP/1.1" 200 1561 "-" "Mozilla/5.0 (compatible; AhrefsBot/4.0; +http://ahrefs.com/robot/)"
94.56.246.26 - - [28/Oct/2012:06:55:27 +0000] "GET /sites/all/modules/civicrm/extern/open.php?q=18630 HTTP/1.1" 200 49 "-" "Mozilla/4.0 (compatible;)"
86.98.83.131 - - [28/Oct/2012:07:14:40 +0000] "GET /sites/all/modules/civicrm/extern/open.php?q=18630 HTTP/1.1" 200 49 "-" "Mozilla/4.0 (compatible; MSIE 7.0; Windows NT 6.1; Trident/5.0; SLCC2; .NET CLR 2.0.50727; .NET CLR 3.5.30729; .NET CLR 3.0.30729; Media Center PC 6.0; .NET4.0C; InfoPath.2; MSOffice 12)"
173.199.120.83 - - [28/Oct/2012:07:17:52 +0000] "GET /robots.txt HTTP/1.1" 200 1561 "-" "Mozilla/5.0 (compatible; AhrefsBot/4.0; +http://ahrefs.com/robot/)"
94.56.246.26 - - [28/Oct/2012:07:19:19 +0000] "GET /sites/all/modules/civicrm/extern/open.php?q=18630 HTTP/1.1" 200 49 "-" "Mozilla/4.0 (compatible;)"
86.98.83.131 - - [28/Oct/2012:07:21:27 +0000] "GET /sites/all/modules/civicrm/extern/open.php?q=18630 HTTP/1.1" 200 49 "-" "Mozilla/4.0 (compatible; MSIE 7.0; Windows NT 6.1; Trident/5.0; SLCC2; .NET CLR 2.0.50727; .NET CLR 3.5.30729; .NET CLR 3.0.30729; Media Center PC 6.0; .NET4.0C; InfoPath.2; MSOffice 12)"
86.98.83.131 - - [28/Oct/2012:07:21:44 +0000] "GET /sites/all/modules/civicrm/extern/open.php?q=18630 HTTP/1.1" 200 49 "-" "Mozilla/4.0 (compatible; MSIE 7.0; Windows NT 6.1; Trident/5.0; SLCC2; .NET CLR 2.0.50727; .NET CLR 3.5.30729; .NET CLR 3.0.30729; Media Center PC 6.0; .NET4.0C; InfoPath.2; MSOffice 12)"
94.56.246.26 - - [28/Oct/2012:07:27:17 +0000] "GET /sites/all/modules/civicrm/extern/open.php?q=18630 HTTP/1.1" 200 49 "-" "Mozilla/4.0 (compatible;)"
41.73.203.61 - - [28/Oct/2012:07:33:59 +0000] "GET /sites/all/modules/civicrm/extern/open.php?q=18491 HTTP/1.1" 200 49 "-" "Mozilla/5.0 (Macintosh; U; Intel Mac OS X 10_6_6; en-us) AppleWebKit/533.19.4 (KHTML, like Gecko)"
173.199.120.83 - - [28/Oct/2012:07:46:32 +0000] "GET /robots.txt HTTP/1.1" 200 1561 "-" "Mozilla/5.0 (compatible; AhrefsBot/4.0; +http://ahrefs.com/robot/)"
86.98.83.131 - - [28/Oct/2012:07:48:56 +0000] "GET /sites/all/modules/civicrm/extern/open.php?q=18630 HTTP/1.1" 200 49 "-" "Mozilla/4.0 (compatible; MSIE 7.0; Windows NT 6.1; Trident/5.0; SLCC2; .NET CLR 2.0.50727; .NET CLR 3.5.30729; .NET CLR 3.0.30729; Media Center PC 6.0; .NET4.0C; InfoPath.2; MSOffice 12)"
86.98.83.131 - - [28/Oct/2012:07:49:35 +0000] "GET /sites/all/modules/civicrm/extern/open.php?q=18630 HTTP/1.1" 200 49 "-" "Mozilla/4.0 (compatible; MSIE 7.0; Windows NT 6.1; Trident/5.0; SLCC2; .NET CLR 2.0.50727; .NET CLR 3.5.30729; .NET CLR 3.0.30729; Media Center PC 6.0; .NET4.0C; InfoPath.2; MSOffice 12)"
86.98.83.131 - - [28/Oct/2012:07:49:47 +0000] "GET /sites/all/modules/civicrm/extern/open.php?q=18630 HTTP/1.1" 200 49 "-" "Mozilla/4.0 (compatible; MSIE 7.0; Windows NT 6.1; Trident/5.0; SLCC2; .NET CLR 2.0.50727; .NET CLR 3.5.30729; .NET CLR 3.0.30729; Media Center PC 6.0; .NET4.0C; InfoPath.2; MSOffice 12)"
94.56.246.26 - - [28/Oct/2012:07:55:08 +0000] "GET /sites/all/modules/civicrm/extern/open.php?q=18630 HTTP/1.1" 200 49 "-" "Mozilla/4.0 (compatible;)"
86.98.83.131 - - [28/Oct/2012:08:12:09 +0000] "GET /sites/all/modules/civicrm/extern/open.php?q=18630 HTTP/1.1" 200 49 "-" "Mozilla/4.0 (compatible; MSIE 7.0; Windows NT 6.1; Trident/5.0; SLCC2; .NET CLR 2.0.50727; .NET CLR 3.5.30729; .NET CLR 3.0.30729; Media Center PC 6.0; .NET4.0C; InfoPath.2; MSOffice 12)"
86.98.83.131 - - [28/Oct/2012:08:12:17 +0000] "GET /sites/all/modules/civicrm/extern/open.php?q=18630 HTTP/1.1" 200 49 "-" "Mozilla/4.0 (compatible; MSIE 7.0; Windows NT 6.1; Trident/5.0; SLCC2; .NET CLR 2.0.50727; .NET CLR 3.5.30729; .NET CLR 3.0.30729; Media Center PC 6.0; .NET4.0C; InfoPath.2; MSOffice 12)"
173.199.120.83 - - [28/Oct/2012:08:14:50 +0000] "GET /robots.txt HTTP/1.1" 200 1561 "-" "Mozilla/5.0 (compatible; AhrefsBot/4.0; +http://ahrefs.com/robot/)"
94.56.246.26 - - [28/Oct/2012:08:15:02 +0000] "GET /sites/all/modules/civicrm/extern/open.php?q=18630 HTTP/1.1" 200 49 "-" "Mozilla/4.0 (compatible;)"
173.199.120.83 - - [28/Oct/2012:08:40:27 +0000] "GET /robots.txt HTTP/1.1" 200 1561 "-" "Mozilla/5.0 (compatible; AhrefsBot/4.0; +http://ahrefs.com/robot/)"
83.110.232.56 - - [28/Oct/2012:08:55:47 +0000] "GET /sites/all/modules/civicrm/extern/open.php?q=18593 HTTP/1.1" 200 49 "-" "Mozilla/4.0 (compatible; MSIE 7.0; Windows NT 6.1; Trident/4.0; SLCC2; .NET CLR 2.0.50727; .NET CLR 3.5.30729; .NET CLR 3.0.30729; Media Center PC 6.0; InfoPath.3; .NET4.0C; .NET4.0E; Microsoft Outlook 14.0.6117; ms-office; MSOffice 14)"
83.110.232.56 - - [28/Oct/2012:09:03:12 +0000] "GET /sites/all/modules/civicrm/extern/open.php?q=18593 HTTP/1.1" 200 49 "-" "Mozilla/4.0 (compatible; MSIE 7.0; Windows NT 6.1; Trident/4.0; SLCC2; .NET CLR 2.0.50727; .NET CLR 3.5.30729; .NET CLR 3.0.30729; Media Center PC 6.0; InfoPath.3; .NET4.0C; .NET4.0E; Microsoft Outlook 14.0.6117; ms-office; MSOffice 14)"
83.110.232.56 - - [28/Oct/2012:09:04:22 +0000] "GET /sites/all/modules/civicrm/extern/open.php?q=18593 HTTP/1.1" 200 49 "-" "Mozilla/4.0 (compatible; MSIE 7.0; Windows NT 6.1; Trident/4.0; SLCC2; .NET CLR 2.0.50727; .NET CLR 3.5.30729; .NET CLR 3.0.30729; Media Center PC 6.0; InfoPath.3; .NET4.0C; .NET4.0E; Microsoft Outlook 14.0.6117; ms-office; MSOffice 14)"
82.132.210.140 - - [28/Oct/2012:09:05:54 +0000] "GET /sites/all/modules/civicrm/extern/open.php?q=18833 HTTP/1.1" 200 49 "-" "Mozilla/5.0 (iPhone; CPU iPhone OS 6_0 like Mac OS X) AppleWebKit/536.26 (KHTML, like Gecko) Mobile/10A403"
173.199.120.83 - - [28/Oct/2012:09:06:13 +0000] "GET /robots.txt HTTP/1.1" 200 1561 "-" "Mozilla/5.0 (compatible; AhrefsBot/4.0; +http://ahrefs.com/robot/)"
83.110.232.56 - - [28/Oct/2012:09:07:31 +0000] "GET /sites/all/modules/civicrm/extern/open.php?q=18593 HTTP/1.1" 200 49 "-" "Mozilla/4.0 (compatible; MSIE 7.0; Windows NT 6.1; Trident/4.0; SLCC2; .NET CLR 2.0.50727; .NET CLR 3.5.30729; .NET CLR 3.0.30729; Media Center PC 6.0; InfoPath.3; .NET4.0C; .NET4.0E; Microsoft Outlook 14.0.6117; ms-office; MSOffice 14)"
94.56.246.91 - - [28/Oct/2012:09:10:43 +0000] "GET /sites/all/modules/civicrm/extern/open.php?q=18593 HTTP/1.1" 200 49 "-" "Mozilla/4.0 (compatible;)"
173.199.120.83 - - [28/Oct/2012:09:32:26 +0000] "GET /robots.txt HTTP/1.1" 200 1561 "-" "Mozilla/5.0 (compatible; AhrefsBot/4.0; +http://ahrefs.com/robot/)"
173.199.120.83 - - [28/Oct/2012:10:18:46 +0000] "GET /robots.txt HTTP/1.1" 200 1561 "-" "Mozilla/5.0 (compatible; AhrefsBot/4.0; +http://ahrefs.com/robot/)"
173.199.120.83 - - [28/Oct/2012:10:37:51 +0000] "GET /robots.txt HTTP/1.1" 200 1561 "-" "Mozilla/5.0 (compatible; AhrefsBot/4.0; +http://ahrefs.com/robot/)"
199.119.129.122 - - [28/Oct/2012:11:17:14 +0000] "GET /sites/all/modules/civicrm/extern/open.php?q=18630 HTTP/1.1" 200 49 "-" "Mozilla/4.0 (compatible; MSIE 7.0; Windows NT 6.1; WOW64; Trident/5.0; SLCC2; .NET CLR 2.0.50727; .NET CLR 3.5.30729; .NET CLR 3.0.30729; Media Center PC 6.0; .NET4.0C; MASP; MSOffice 12)"
121.246.116.29 - - [28/Oct/2012:11:44:43 +0000] "GET /sites/all/modules/civicrm/extern/open.php?q=18762 HTTP/1.1" 200 49 "http://36ohk6dgmcd1n-c.c.yom.mail.yahoo.net/om/api/1.0/openmail.app.invoke/36ohk6dgmcd1n/11/1.0.35/us/en-US/controller.html/0" "Mozilla/5.0 (Windows NT 5.1) AppleWebKit/537.1 (KHTML, like Gecko) Chrome/21.0.1180.89 Safari/537.1"
178.131.108.72 - - [28/Oct/2012:12:22:28 +0000] "GET /sites/all/modules/civicrm/extern/open.php?q=18862 HTTP/1.1" 200 49 "-" "Mozilla/5.0 (iPhone; CPU iPhone OS 5_1 like Mac OS X) AppleWebKit/534.46 (KHTML, like Gecko)"
31.57.110.198 - - [28/Oct/2012:12:24:58 +0000] "GET /sites/all/modules/civicrm/extern/open.php?q=18862 HTTP/1.0" 200 49 "-" "Mozilla/5.0 (iPad; CPU OS 5_0_1 like Mac OS X) AppleWebKit/534.46 (KHTML, like Gecko)"
178.131.108.72 - - [28/Oct/2012:12:25:12 +0000] "GET /sites/all/modules/civicrm/extern/open.php?q=18862 HTTP/1.1" 200 49 "-" "Mozilla/5.0 (iPhone; CPU iPhone OS 5_1 like Mac OS X) AppleWebKit/534.46 (KHTML, like Gecko)"
37.141.44.190 - - [28/Oct/2012:12:28:05 +0000] "GET /sites/all/modules/civicrm/extern/open.php?q=18823 HTTP/1.1" 200 49 "-" "Mozilla/5.0 (iPod; CPU iPhone OS 6_0 like Mac OS X) AppleWebKit/536.26 (KHTML, like Gecko) Mobile/10A403"
37.141.44.190 - - [28/Oct/2012:12:28:08 +0000] "GET /sites/all/modules/civicrm/extern/open.php?q=18891 HTTP/1.1" 200 49 "-" "Mozilla/5.0 (iPod; CPU iPhone OS 6_0 like Mac OS X) AppleWebKit/536.26 (KHTML, like Gecko) Mobile/10A403"
86.98.83.131 - - [28/Oct/2012:12:47:26 +0000] "GET /sites/all/modules/civicrm/extern/open.php?q=18630 HTTP/1.1" 200 49 "-" "Mozilla/4.0 (compatible; MSIE 7.0; Windows NT 6.1; Trident/5.0; SLCC2; .NET CLR 2.0.50727; .NET CLR 3.5.30729; .NET CLR 3.0.30729; Media Center PC 6.0; .NET4.0C; InfoPath.2; MSOffice 12)"
86.98.83.131 - - [28/Oct/2012:12:48:23 +0000] "GET /sites/all/modules/civicrm/extern/open.php?q=18630 HTTP/1.1" 200 49 "-" "Mozilla/4.0 (compatible; MSIE 7.0; Windows NT 6.1; Trident/5.0; SLCC2; .NET CLR 2.0.50727; .NET CLR 3.5.30729; .NET CLR 3.0.30729; Media Center PC 6.0; .NET4.0C; InfoPath.2; MSOffice 12)"
78.145.218.182 - - [28/Oct/2012:12:57:39 +0000] "GET /sites/all/modules/civicrm/extern/open.php?q=18561 HTTP/1.1" 200 49 "-" "Mozilla/5.0 (iPad; CPU OS 5_0_1 like Mac OS X) AppleWebKit/534.46 (KHTML, like Gecko)"
86.98.83.131 - - [28/Oct/2012:13:01:32 +0000] "GET /sites/all/modules/civicrm/extern/open.php?q=18630 HTTP/1.1" 200 49 "-" "Mozilla/4.0 (compatible; MSIE 7.0; Windows NT 6.1; Trident/5.0; SLCC2; .NET CLR 2.0.50727; .NET CLR 3.5.30729; .NET CLR 3.0.30729; Media Center PC 6.0; .NET4.0C; InfoPath.2; MSOffice 12)"
94.56.246.24 - - [28/Oct/2012:13:04:08 +0000] "GET /sites/all/modules/civicrm/extern/open.php?q=18630 HTTP/1.1" 200 49 "-" "Mozilla/4.0 (compatible;)"
41.73.203.1 - - [28/Oct/2012:13:09:39 +0000] "GET /sites/all/modules/civicrm/extern/open.php?q=18492 HTTP/1.1" 200 49 "-" "Mozilla/5.0 (Macintosh; Intel Mac OS X 10_8_2) AppleWebKit/536.26.14 (KHTML, like Gecko)"
117.199.199.247 - - [28/Oct/2012:13:13:48 +0000] "GET /sites/all/modules/civicrm/extern/open.php?q=18810 HTTP/1.1" 200 49 "http://36ohk6dgmcd1n-c.c.yom.mail.yahoo.net/om/api/1.0/openmail.app.invoke/36ohk6dgmcd1n/11/1.0.35/us/en-US/controller.html/0" "Mozilla/4.0 (compatible; MSIE 8.0; Windows NT 5.1; Trident/4.0)"
86.98.83.131 - - [28/Oct/2012:13:22:50 +0000] "GET /sites/all/modules/civicrm/extern/open.php?q=18630 HTTP/1.1" 200 49 "-" "Mozilla/4.0 (compatible; MSIE 7.0; Windows NT 6.1; Trident/5.0; SLCC2; .NET CLR 2.0.50727; .NET CLR 3.5.30729; .NET CLR 3.0.30729; Media Center PC 6.0; .NET4.0C; InfoPath.2; MSOffice 12)"
86.98.83.131 - - [28/Oct/2012:13:22:55 +0000] "GET /sites/all/modules/civicrm/extern/open.php?q=18630 HTTP/1.1" 200 49 "-" "Mozilla/4.0 (compatible; MSIE 7.0; Windows NT 6.1; Trident/5.0; SLCC2; .NET CLR 2.0.50727; .NET CLR 3.5.30729; .NET CLR 3.0.30729; Media Center PC 6.0; .NET4.0C; InfoPath.2; MSOffice 12)"
94.56.246.24 - - [28/Oct/2012:13:28:01 +0000] "GET /sites/all/modules/civicrm/extern/open.php?q=18630 HTTP/1.1" 200 49 "-" "Mozilla/4.0 (compatible;)"
178.131.108.72 - - [28/Oct/2012:14:05:02 +0000] "GET /sites/all/modules/civicrm/extern/open.php?q=18862 HTTP/1.1" 200 49 "-" "Mozilla/5.0 (iPhone; CPU iPhone OS 5_1 like Mac OS X) AppleWebKit/534.46 (KHTML, like Gecko)"
86.98.83.131 - - [28/Oct/2012:14:29:10 +0000] "GET /sites/all/modules/civicrm/extern/open.php?q=18630 HTTP/1.1" 200 49 "-" "Mozilla/4.0 (compatible; MSIE 7.0; Windows NT 6.1; Trident/5.0; SLCC2; .NET CLR 2.0.50727; .NET CLR 3.5.30729; .NET CLR 3.0.30729; Media Center PC 6.0; .NET4.0C; InfoPath.2; MSOffice 12)"
86.98.83.131 - - [28/Oct/2012:14:29:16 +0000] "GET /sites/all/modules/civicrm/extern/open.php?q=18630 HTTP/1.1" 200 49 "-" "Mozilla/4.0 (compatible; MSIE 7.0; Windows NT 6.1; Trident/5.0; SLCC2; .NET CLR 2.0.50727; .NET CLR 3.5.30729; .NET CLR 3.0.30729; Media Center PC 6.0; .NET4.0C; InfoPath.2; MSOffice 12)"
94.56.246.24 - - [28/Oct/2012:14:35:40 +0000] "GET /sites/all/modules/civicrm/extern/open.php?q=18630 HTTP/1.1" 200 49 "-" "Mozilla/4.0 (compatible;)"
176.17.129.222 - - [28/Oct/2012:14:50:55 +0000] "GET /sites/all/modules/civicrm/extern/open.php?q=18874 HTTP/1.1" 200 49 "-" "Mozilla/5.0 (iPhone; U; CPU iPhone OS 4_2_1 like Mac OS X; en-us) AppleWebKit/533.17.9 (KHTML, like Gecko)"
173.199.120.83 - - [28/Oct/2012:15:13:28 +0000] "GET /robots.txt HTTP/1.1" 200 1561 "-" "Mozilla/5.0 (compatible; AhrefsBot/4.0; +http://ahrefs.com/robot/)"
86.99.36.100 - - [28/Oct/2012:15:19:53 +0000] "GET /sites/all/modules/civicrm/extern/open.php?q=18616 HTTP/1.1" 200 49 "-" "Mozilla/5.0 (Windows NT 6.1; WOW64) AppleWebKit/537.4 (KHTML, like Gecko) Chrome/22.0.1229.96 Safari/537.4"
173.199.120.83 - - [28/Oct/2012:15:25:00 +0000] "GET /robots.txt HTTP/1.1" 200 1561 "-" "Mozilla/5.0 (compatible; AhrefsBot/4.0; +http://ahrefs.com/robot/)"
86.99.36.100 - - [28/Oct/2012:15:34:16 +0000] "GET /sites/all/modules/civicrm/extern/open.php?q=18616 HTTP/1.1" 200 49 "-" "Mozilla/5.0 (Windows NT 6.1; WOW64) AppleWebKit/537.4 (KHTML, like Gecko) Chrome/22.0.1229.96 Safari/537.4"
86.99.36.100 - - [28/Oct/2012:15:35:08 +0000] "GET /sites/all/modules/civicrm/extern/open.php?q=18616 HTTP/1.1" 200 49 "-" "Mozilla/5.0 (Windows NT 6.1; WOW64) AppleWebKit/537.4 (KHTML, like Gecko) Chrome/22.0.1229.96 Safari/537.4"
86.99.36.100 - - [28/Oct/2012:15:35:29 +0000] "GET /sites/all/modules/civicrm/extern/open.php?q=18616 HTTP/1.1" 200 49 "-" "Mozilla/5.0 (Windows NT 6.1; WOW64) AppleWebKit/537.4 (KHTML, like Gecko) Chrome/22.0.1229.96 Safari/537.4"
86.99.36.100 - - [28/Oct/2012:15:36:07 +0000] "GET /sites/all/modules/civicrm/extern/open.php?q=18616 HTTP/1.1" 200 49 "-" "Mozilla/5.0 (Windows NT 6.1; WOW64) AppleWebKit/537.4 (KHTML, like Gecko) Chrome/22.0.1229.96 Safari/537.4"
86.99.36.100 - - [28/Oct/2012:15:36:25 +0000] "GET /sites/all/modules/civicrm/extern/open.php?q=18616 HTTP/1.1" 200 49 "-" "Mozilla/5.0 (Windows NT 6.1; WOW64) AppleWebKit/537.4 (KHTML, like Gecko) Chrome/22.0.1229.96 Safari/537.4"
86.99.36.100 - - [28/Oct/2012:15:36:49 +0000] "GET /sites/all/modules/civicrm/extern/open.php?q=18616 HTTP/1.1" 200 49 "-" "Mozilla/5.0 (Windows NT 6.1; WOW64) AppleWebKit/537.4 (KHTML, like Gecko) Chrome/22.0.1229.96 Safari/537.4"
86.99.36.100 - - [28/Oct/2012:15:37:55 +0000] "GET /sites/all/modules/civicrm/extern/open.php?q=18616 HTTP/1.1" 200 49 "-" "Mozilla/5.0 (Windows NT 6.1; WOW64) AppleWebKit/537.4 (KHTML, like Gecko) Chrome/22.0.1229.96 Safari/537.4"
86.99.36.100 - - [28/Oct/2012:15:38:11 +0000] "GET /sites/all/modules/civicrm/extern/open.php?q=18616 HTTP/1.1" 200 49 "-" "Mozilla/5.0 (Windows NT 6.1; WOW64) AppleWebKit/537.4 (KHTML, like Gecko) Chrome/22.0.1229.96 Safari/537.4"
86.159.238.140 - - [28/Oct/2012:16:09:24 +0000] "GET /sites/all/modules/civicrm/extern/open.php?q=18732 HTTP/1.1" 200 49 "http://36ohk6dgmcd1n-c.c.yom.mail.yahoo.net/om/api/1.0/openmail.app.invoke/36ohk6dgmcd1n/11/1.0.35/uk_bt/en-GB-x-bt/controller.html/0" "Mozilla/5.0 (Windows; U; Windows NT 6.0; en-GB; rv:1.9.2.17) Gecko/20110420 Firefox/3.6.17 ( .NET CLR 3.5.30729; .NET4.0C) FBSMTWB"
99.230.89.216 - - [28/Oct/2012:16:27:20 +0000] "GET /sites/all/modules/civicrm/extern/open.php?q=18424 HTTP/1.1" 200 49 "-" "Mozilla/4.0 (compatible; MSIE 7.0; Windows NT 5.1; BBIP; .NET CLR 1.1.4322; .NET CLR 3.0.4506.2152; .NET CLR 3.5.30729; Zune 4.0; .NET CLR 2.0.50727; BRI/2)"
199.119.129.122 - - [28/Oct/2012:16:52:05 +0000] "GET /sites/all/modules/civicrm/extern/open.php?q=18630 HTTP/1.1" 200 49 "-" "Mozilla/4.0 (compatible; MSIE 7.0; Windows NT 6.1; WOW64; Trident/5.0; SLCC2; .NET CLR 2.0.50727; .NET CLR 3.5.30729; .NET CLR 3.0.30729; Media Center PC 6.0; .NET4.0C; MASP; MSOffice 12)"
199.119.129.122 - - [28/Oct/2012:16:52:05 +0000] "GET /sites/all/modules/civicrm/extern/open.php?q=18630 HTTP/1.1" 200 49 "-" "Mozilla/4.0 (compatible; MSIE 7.0; Windows NT 6.1; WOW64; Trident/5.0; SLCC2; .NET CLR 2.0.50727; .NET CLR 3.5.30729; .NET CLR 3.0.30729; Media Center PC 6.0; .NET4.0C; MASP; MSOffice 12)"
82.16.192.43 - - [28/Oct/2012:18:11:51 +0000] "GET /sites/all/modules/civicrm/extern/open.php?q=18475 HTTP/1.1" 200 49 "-" "Mozilla/4.0 (compatible; MSIE 7.0; Windows NT 6.1; WOW64; Trident/5.0; SLCC2; .NET CLR 2.0.50727; .NET CLR 3.5.30729; .NET CLR 3.0.30729; Media Center PC 6.0; .NET4.0C; .NET4.0E; InfoPath.2; BRI/2; IPH 1.1.21.4019; MSOffice 12)"
82.16.192.43 - - [28/Oct/2012:18:13:49 +0000] "GET /sites/all/modules/civicrm/extern/open.php?q=18475 HTTP/1.1" 200 49 "-" "Mozilla/4.0 (compatible; MSIE 7.0; Windows NT 6.1; WOW64; Trident/5.0; SLCC2; .NET CLR 2.0.50727; .NET CLR 3.5.30729; .NET CLR 3.0.30729; Media Center PC 6.0; .NET4.0C; .NET4.0E; InfoPath.2; BRI/2; IPH 1.1.21.4019; MSOffice 12)"
82.16.192.43 - - [28/Oct/2012:18:13:49 +0000] "GET /sites/all/modules/civicrm/extern/open.php?q=18475 HTTP/1.1" 200 49 "-" "Mozilla/4.0 (compatible; MSIE 7.0; Windows NT 6.1; WOW64; Trident/5.0; SLCC2; .NET CLR 2.0.50727; .NET CLR 3.5.30729; .NET CLR 3.0.30729; Media Center PC 6.0; .NET4.0C; .NET4.0E; InfoPath.2; BRI/2; IPH 1.1.21.4019; MSOffice 12)"
94.14.44.247 - - [28/Oct/2012:18:41:45 +0000] "GET /sites/all/modules/civicrm/extern/open.php?q=18475 HTTP/1.1" 200 49 "-" "Mozilla/5.0 (iPhone; CPU iPhone OS 6_0 like Mac OS X) AppleWebKit/536.26 (KHTML, like Gecko) Mobile/10A403"
86.99.36.100 - - [28/Oct/2012:18:48:11 +0000] "GET /sites/all/modules/civicrm/extern/open.php?q=18616 HTTP/1.1" 200 49 "-" "Mozilla/5.0 (Windows NT 6.1; WOW64) AppleWebKit/537.4 (KHTML, like Gecko) Chrome/22.0.1229.96 Safari/537.4"
86.99.36.100 - - [28/Oct/2012:18:48:12 +0000] "GET /sites/all/modules/civicrm/extern/open.php?q=18616 HTTP/1.1" 200 49 "-" "Mozilla/5.0 (Windows NT 6.1; WOW64) AppleWebKit/537.4 (KHTML, like Gecko) Chrome/22.0.1229.96 Safari/537.4"
31.57.69.233 - - [28/Oct/2012:18:48:48 +0000] "GET /sites/all/modules/civicrm/extern/open.php?q=18813 HTTP/1.0" 200 49 "-" "Mozilla/5.0 (Linux; U; Android 4.0.3; en-gb; GT-I9100 Build/IML74K) AppleWebKit/534.30 (KHTML, like Gecko) Version/4.0 Mobile Safari/534.30"
31.57.69.233 - - [28/Oct/2012:18:48:49 +0000] "GET /sites/all/modules/civicrm/extern/open.php?q=18813 HTTP/1.0" 200 49 "-" "Mozilla/5.0 (Linux; U; Android 4.0.3; en-gb; GT-I9100 Build/IML74K) AppleWebKit/534.30 (KHTML, like Gecko) Version/4.0 Mobile Safari/534.30"
86.99.36.100 - - [28/Oct/2012:18:48:49 +0000] "GET /sites/all/modules/civicrm/extern/open.php?q=18616 HTTP/1.1" 200 49 "-" "Mozilla/5.0 (Windows NT 6.1; WOW64) AppleWebKit/537.4 (KHTML, like Gecko) Chrome/22.0.1229.96 Safari/537.4"
86.99.36.100 - - [28/Oct/2012:18:49:11 +0000] "GET /sites/all/modules/civicrm/extern/open.php?q=18616 HTTP/1.1" 200 49 "-" "Mozilla/5.0 (Windows NT 6.1; WOW64) AppleWebKit/537.4 (KHTML, like Gecko) Chrome/22.0.1229.96 Safari/537.4"
82.16.192.43 - - [28/Oct/2012:18:49:31 +0000] "GET /sites/all/modules/civicrm/extern/open.php?q=18475 HTTP/1.1" 200 49 "-" "Mozilla/4.0 (compatible; MSIE 7.0; Windows NT 6.1; WOW64; Trident/5.0; SLCC2; .NET CLR 2.0.50727; .NET CLR 3.5.30729; .NET CLR 3.0.30729; Media Center PC 6.0; .NET4.0C; .NET4.0E; InfoPath.2; BRI/2; IPH 1.1.21.4019; MSOffice 12)"
86.99.36.100 - - [28/Oct/2012:18:49:38 +0000] "GET /sites/all/modules/civicrm/extern/open.php?q=18616 HTTP/1.1" 200 49 "-" "Mozilla/5.0 (Windows NT 6.1; WOW64) AppleWebKit/537.4 (KHTML, like Gecko) Chrome/22.0.1229.96 Safari/537.4"
86.99.36.100 - - [28/Oct/2012:18:51:38 +0000] "GET /sites/all/modules/civicrm/extern/open.php?q=18616 HTTP/1.1" 200 49 "-" "Mozilla/5.0 (Windows NT 6.1; WOW64) AppleWebKit/537.4 (KHTML, like Gecko) Chrome/22.0.1229.96 Safari/537.4"
86.99.36.100 - - [28/Oct/2012:18:52:38 +0000] "GET /sites/all/modules/civicrm/extern/open.php?q=18616 HTTP/1.1" 200 49 "-" "Mozilla/5.0 (Windows NT 6.1; WOW64) AppleWebKit/537.4 (KHTML, like Gecko) Chrome/22.0.1229.96 Safari/537.4"
86.99.36.100 - - [28/Oct/2012:18:52:58 +0000] "GET /sites/all/modules/civicrm/extern/open.php?q=18616 HTTP/1.1" 200 49 "-" "Mozilla/5.0 (Windows NT 6.1; WOW64) AppleWebKit/537.4 (KHTML, like Gecko) Chrome/22.0.1229.96 Safari/537.4"
86.99.36.100 - - [28/Oct/2012:18:53:18 +0000] "GET /sites/all/modules/civicrm/extern/open.php?q=18616 HTTP/1.1" 200 49 "-" "Mozilla/5.0 (Windows NT 6.1; WOW64) AppleWebKit/537.4 (KHTML, like Gecko) Chrome/22.0.1229.96 Safari/537.4"
86.99.36.100 - - [28/Oct/2012:18:53:35 +0000] "GET /sites/all/modules/civicrm/extern/open.php?q=18616 HTTP/1.1" 200 49 "-" "Mozilla/5.0 (Windows NT 6.1; WOW64) AppleWebKit/537.4 (KHTML, like Gecko) Chrome/22.0.1229.96 Safari/537.4"
86.99.36.100 - - [28/Oct/2012:18:53:55 +0000] "GET /sites/all/modules/civicrm/extern/open.php?q=18616 HTTP/1.1" 200 49 "-" "Mozilla/5.0 (Windows NT 6.1; WOW64) AppleWebKit/537.4 (KHTML, like Gecko) Chrome/22.0.1229.96 Safari/537.4"
86.99.36.100 - - [28/Oct/2012:18:54:21 +0000] "GET /sites/all/modules/civicrm/extern/open.php?q=18616 HTTP/1.1" 200 49 "-" "Mozilla/5.0 (Windows NT 6.1; WOW64) AppleWebKit/537.4 (KHTML, like Gecko) Chrome/22.0.1229.96 Safari/537.4"
86.99.36.100 - - [28/Oct/2012:18:56:22 +0000] "GET /sites/all/modules/civicrm/extern/open.php?q=18616 HTTP/1.1" 200 49 "-" "Mozilla/5.0 (Windows NT 6.1; WOW64) AppleWebKit/537.4 (KHTML, like Gecko) Chrome/22.0.1229.96 Safari/537.4"
86.99.36.100 - - [28/Oct/2012:18:57:33 +0000] "GET /sites/all/modules/civicrm/extern/open.php?q=18616 HTTP/1.1" 200 49 "-" "Mozilla/5.0 (Windows NT 6.1; WOW64) AppleWebKit/537.4 (KHTML, like Gecko) Chrome/22.0.1229.96 Safari/537.4"
86.99.36.100 - - [28/Oct/2012:18:57:59 +0000] "GET /sites/all/modules/civicrm/extern/open.php?q=18616 HTTP/1.1" 200 49 "-" "Mozilla/5.0 (Windows NT 6.1; WOW64) AppleWebKit/537.4 (KHTML, like Gecko) Chrome/22.0.1229.96 Safari/537.4"
86.99.36.100 - - [28/Oct/2012:18:58:03 +0000] "GET /sites/all/modules/civicrm/extern/open.php?q=18616 HTTP/1.1" 200 49 "-" "Mozilla/5.0 (Windows NT 6.1; WOW64) AppleWebKit/537.4 (KHTML, like Gecko) Chrome/22.0.1229.96 Safari/537.4"
94.14.44.247 - - [28/Oct/2012:18:58:55 +0000] "GET /sites/all/modules/civicrm/extern/open.php?q=18475 HTTP/1.1" 200 49 "-" "Mozilla/5.0 (iPhone; CPU iPhone OS 6_0 like Mac OS X) AppleWebKit/536.26 (KHTML, like Gecko) Mobile/10A403"
94.56.246.20 - - [28/Oct/2012:19:08:30 +0000] "GET /sites/all/modules/civicrm/extern/open.php?q=18616 HTTP/1.1" 200 49 "-" "Mozilla/4.0 (compatible;)"
82.16.192.43 - - [28/Oct/2012:19:09:53 +0000] "GET /sites/all/modules/civicrm/extern/open.php?q=18475 HTTP/1.1" 200 49 "-" "Mozilla/4.0 (compatible; MSIE 7.0; Windows NT 6.1; WOW64; Trident/5.0; SLCC2; .NET CLR 2.0.50727; .NET CLR 3.5.30729; .NET CLR 3.0.30729; Media Center PC 6.0; .NET4.0C; .NET4.0E; InfoPath.2; BRI/2; IPH 1.1.21.4019; MSOffice 12)"
94.200.1.245 - - [28/Oct/2012:19:29:45 +0000] "GET /sites/all/modules/civicrm/extern/open.php?q=18616 HTTP/1.1" 200 49 "-" "Mozilla/5.0 (iPhone; CPU iPhone OS 5_1_1 like Mac OS X) AppleWebKit/534.46 (KHTML, like Gecko)"
196.45.132.198 - - [28/Oct/2012:19:35:01 +0000] "GET /sites/all/modules/civicrm/extern/open.php?q=18626 HTTP/1.1" 200 49 "-" "Outlook-Express/7.0 (MSIE 7.0; Windows NT 6.1; WOW64; Trident/4.0; SLCC2; .NET CLR 2.0.50727; .NET CLR 3.5.30729; .NET CLR 3.0.30729; Media Center PC 6.0; BRI/2; InfoPath.2; TmstmpExt)"
157.55.46.248 - - [28/Oct/2012:19:39:04 +0000] "GET /sites/all/modules/civicrm/extern/open.php?q=18862 HTTP/1.1" 200 49 "-" "Mozilla/5.0 (Windows NT 6.1; WOW64) AppleWebKit/537.4 (KHTML, like Gecko) Chrome/22.0.1229.94 Safari/537.4"
2.49.23.34 - - [28/Oct/2012:19:47:50 +0000] "GET /sites/all/modules/civicrm/extern/open.php?q=18616 HTTP/1.1" 200 49 "-" "Mozilla/5.0 (compatible; MSIE 9.0; Windows NT 6.1; WOW64; Trident/5.0)"
157.55.46.248 - - [28/Oct/2012:19:50:16 +0000] "GET /sites/all/modules/civicrm/extern/open.php?q=18862 HTTP/1.1" 200 49 "-" "Mozilla/5.0 (Windows NT 6.1; WOW64) AppleWebKit/537.4 (KHTML, like Gecko) Chrome/22.0.1229.94 Safari/537.4"
178.131.108.72 - - [28/Oct/2012:20:12:58 +0000] "GET /sites/all/modules/civicrm/extern/open.php?q=18862 HTTP/1.1" 200 49 "-" "Mozilla/5.0 (iPhone; CPU iPhone OS 5_1 like Mac OS X) AppleWebKit/534.46 (KHTML, like Gecko)"
92.98.229.196 - - [28/Oct/2012:20:43:49 +0000] "GET /sites/all/modules/civicrm/extern/open.php?q=18616 HTTP/1.1" 200 49 "-" "Mozilla/5.0 (Windows NT 6.0) AppleWebKit/537.4 (KHTML, like Gecko) Chrome/22.0.1229.94 Safari/537.4"
2.102.167.180 - - [28/Oct/2012:20:45:32 +0000] "GET /sites/all/modules/civicrm/extern/open.php?q=18754 HTTP/1.1" 200 49 "-" "Mozilla/5.0 (Windows NT 6.1; WOW64) AppleWebKit/537.4 (KHTML, like Gecko) Chrome/22.0.1229.94 Safari/537.4"
2.102.167.180 - - [28/Oct/2012:20:45:34 +0000] "GET /sites/all/modules/civicrm/extern/open.php?q=18754 HTTP/1.1" 200 49 "-" "Mozilla/5.0 (Windows NT 6.1; WOW64) AppleWebKit/537.4 (KHTML, like Gecko) Chrome/22.0.1229.94 Safari/537.4"
2.102.167.180 - - [28/Oct/2012:20:45:41 +0000] "GET /sites/all/modules/civicrm/extern/open.php?q=18754 HTTP/1.1" 200 49 "-" "Mozilla/5.0 (iPhone; U; CPU iPhone OS 4_3_5 like Mac OS X; en-gb) AppleWebKit/533.17.9 (KHTML, like Gecko)"
62.24.252.133 - - [28/Oct/2012:20:46:03 +0000] "GET /robots.txt HTTP/1.0" 200 1561 "http://intranet.world-federation.org/robots.txt" "Mozilla/4.0 (compatible; MSIE 8.0; Windows NT 5.1; Trident/4.0; .NET CLR 2.0.50727; .NET CLR 3.0.04506.648; .NET CLR 3.5.21022; .NET CLR 3.0.4506.2152; .NET CLR 3.5.30729; InfoPath.2)"
62.24.252.133 - - [28/Oct/2012:20:46:03 +0000] "GET /sites/all/modules/civicrm/extern/open.php HTTP/1.0" 200 25 "http://intranet.world-federation.org/sites/all/modules/civicrm/extern/open.php" "Mozilla/4.0 (compatible; MSIE 8.0; Windows NT 5.1; Trident/4.0; .NET CLR 2.0.50727; .NET CLR 3.0.04506.648; .NET CLR 3.5.21022; .NET CLR 3.0.4506.2152; .NET CLR 3.5.30729; InfoPath.2)"
94.56.246.20 - - [28/Oct/2012:20:46:35 +0000] "GET /sites/all/modules/civicrm/extern/open.php?q=18616 HTTP/1.1" 200 49 "-" "Mozilla/4.0 (compatible;)"
99.238.25.252 - - [28/Oct/2012:21:44:25 +0000] "GET /sites/all/modules/civicrm/extern/open.php?q=18824 HTTP/1.1" 200 49 "http://36ohk6dgmcd1n-c.c.yom.mail.yahoo.net/om/api/1.0/openmail.app.invoke/36ohk6dgmcd1n/11/1.0.35/ca_rogers/en-CA-x-rogers/controller.html/0" "Mozilla/5.0 (Windows NT 6.1; WOW64; rv:16.0) Gecko/20100101 Firefox/16.0"
71.63.168.255 - - [28/Oct/2012:22:35:54 +0000] "GET /civicrm/mailing/view?reset=1&id=55 HTTP/1.1" 200 32103 "-" "Mozilla/5.0 (compatible; MSIE 9.0; Windows NT 6.0; Trident/5.0)"
71.63.168.255 - - [28/Oct/2012:22:35:54 +0000] "GET /civicrm/mailing/view?reset=1&id=55 HTTP/1.1" 200 32103 "-" "Mozilla/5.0 (compatible; MSIE 9.0; Windows NT 6.0; Trident/5.0)"
71.63.168.255 - - [28/Oct/2012:22:35:56 +0000] "GET /sites/all/modules/civicrm/extern/open.php?q= HTTP/1.1" 200 25 "http://intranet.world-federation.org/civicrm/mailing/view?reset=1&id=55" "Mozilla/5.0 (compatible; MSIE 9.0; Windows NT 6.0; Trident/5.0)"
71.63.168.255 - - [28/Oct/2012:22:35:57 +0000] "GET /favicon.ico HTTP/1.1" 404 191 "-" "Mozilla/5.0 (compatible; MSIE 9.0; Windows NT 6.0; Trident/5.0)"
82.16.192.43 - - [28/Oct/2012:23:13:31 +0000] "GET /sites/all/modules/civicrm/extern/open.php?q=18475 HTTP/1.1" 200 49 "-" "Mozilla/4.0 (compatible; MSIE 7.0; Windows NT 6.1; WOW64; Trident/5.0; SLCC2; .NET CLR 2.0.50727; .NET CLR 3.5.30729; .NET CLR 3.0.30729; Media Center PC 6.0; .NET4.0C; .NET4.0E; InfoPath.2; BRI/2; IPH 1.1.21.4019; MSOffice 12)"
188.221.82.209 - - [29/Oct/2012:00:49:57 +0000] "GET /modules/system/system.base.css?mcibwd HTTP/1.1" 304 - "http://intranet.world-federation.org/civicrm/mailing/report?mid=55&reset=1" "Mozilla/5.0 (Macintosh; Intel Mac OS X 10_7_4) AppleWebKit/537.4 (KHTML, like Gecko) Chrome/22.0.1229.94 Safari/537.4"
188.221.82.209 - - [29/Oct/2012:00:49:57 +0000] "GET /modules/system/system.menus.css?mcibwd HTTP/1.1" 304 - "http://intranet.world-federation.org/civicrm/mailing/report?mid=55&reset=1" "Mozilla/5.0 (Macintosh; Intel Mac OS X 10_7_4) AppleWebKit/537.4 (KHTML, like Gecko) Chrome/22.0.1229.94 Safari/537.4"
188.221.82.209 - - [29/Oct/2012:00:49:57 +0000] "GET /modules/system/system.messages.css?mcibwd HTTP/1.1" 304 - "http://intranet.world-federation.org/civicrm/mailing/report?mid=55&reset=1" "Mozilla/5.0 (Macintosh; Intel Mac OS X 10_7_4) AppleWebKit/537.4 (KHTML, like Gecko) Chrome/22.0.1229.94 Safari/537.4"
188.221.82.209 - - [29/Oct/2012:00:49:57 +0000] "GET /modules/system/system.theme.css?mcibwd HTTP/1.1" 304 - "http://intranet.world-federation.org/civicrm/mailing/report?mid=55&reset=1" "Mozilla/5.0 (Macintosh; Intel Mac OS X 10_7_4) AppleWebKit/537.4 (KHTML, like Gecko) Chrome/22.0.1229.94 Safari/537.4"
188.221.82.209 - - [29/Oct/2012:00:49:57 +0000] "GET /misc/ui/jquery.ui.core.css?mcibwd HTTP/1.1" 304 - "http://intranet.world-federation.org/civicrm/mailing/report?mid=55&reset=1" "Mozilla/5.0 (Macintosh; Intel Mac OS X 10_7_4) AppleWebKit/537.4 (KHTML, like Gecko) Chrome/22.0.1229.94 Safari/537.4"
188.221.82.209 - - [29/Oct/2012:00:49:57 +0000] "GET /misc/ui/jquery.ui.theme.css?mcibwd HTTP/1.1" 304 - "http://intranet.world-federation.org/civicrm/mailing/report?mid=55&reset=1" "Mozilla/5.0 (Macintosh; Intel Mac OS X 10_7_4) AppleWebKit/537.4 (KHTML, like Gecko) Chrome/22.0.1229.94 Safari/537.4"
188.221.82.209 - - [29/Oct/2012:00:49:57 +0000] "GET /modules/overlay/overlay-parent.css?mcibwd HTTP/1.1" 304 - "http://intranet.world-federation.org/civicrm/mailing/report?mid=55&reset=1" "Mozilla/5.0 (Macintosh; Intel Mac OS X 10_7_4) AppleWebKit/537.4 (KHTML, like Gecko) Chrome/22.0.1229.94 Safari/537.4"
188.221.82.209 - - [29/Oct/2012:00:49:57 +0000] "GET /modules/contextual/contextual.css?mcibwd HTTP/1.1" 304 - "http://intranet.world-federation.org/civicrm/mailing/report?mid=55&reset=1" "Mozilla/5.0 (Macintosh; Intel Mac OS X 10_7_4) AppleWebKit/537.4 (KHTML, like Gecko) Chrome/22.0.1229.94 Safari/537.4"
188.221.82.209 - - [29/Oct/2012:00:49:57 +0000] "GET /modules/comment/comment.css?mcibwd HTTP/1.1" 304 - "http://intranet.world-federation.org/civicrm/mailing/report?mid=55&reset=1" "Mozilla/5.0 (Macintosh; Intel Mac OS X 10_7_4) AppleWebKit/537.4 (KHTML, like Gecko) Chrome/22.0.1229.94 Safari/537.4"
188.221.82.209 - - [29/Oct/2012:00:49:57 +0000] "GET /sites/all/modules/domain/domain_nav/domain_nav.css?mcibwd HTTP/1.1" 304 - "http://intranet.world-federation.org/civicrm/mailing/report?mid=55&reset=1" "Mozilla/5.0 (Macintosh; Intel Mac OS X 10_7_4) AppleWebKit/537.4 (KHTML, like Gecko) Chrome/22.0.1229.94 Safari/537.4"
188.221.82.209 - - [29/Oct/2012:00:49:57 +0000] "GET /modules/field/theme/field.css?mcibwd HTTP/1.1" 304 - "http://intranet.world-federation.org/civicrm/mailing/report?mid=55&reset=1" "Mozilla/5.0 (Macintosh; Intel Mac OS X 10_7_4) AppleWebKit/537.4 (KHTML, like Gecko) Chrome/22.0.1229.94 Safari/537.4"
188.221.82.209 - - [29/Oct/2012:00:49:57 +0000] "GET /modules/node/node.css?mcibwd HTTP/1.1" 304 - "http://intranet.world-federation.org/civicrm/mailing/report?mid=55&reset=1" "Mozilla/5.0 (Macintosh; Intel Mac OS X 10_7_4) AppleWebKit/537.4 (KHTML, like Gecko) Chrome/22.0.1229.94 Safari/537.4"
188.221.82.209 - - [29/Oct/2012:00:49:57 +0000] "GET /modules/search/search.css?mcibwd HTTP/1.1" 304 - "http://intranet.world-federation.org/civicrm/mailing/report?mid=55&reset=1" "Mozilla/5.0 (Macintosh; Intel Mac OS X 10_7_4) AppleWebKit/537.4 (KHTML, like Gecko) Chrome/22.0.1229.94 Safari/537.4"
188.221.82.209 - - [29/Oct/2012:00:49:57 +0000] "GET /modules/user/user.css?mcibwd HTTP/1.1" 304 - "http://intranet.world-federation.org/civicrm/mailing/report?mid=55&reset=1" "Mozilla/5.0 (Macintosh; Intel Mac OS X 10_7_4) AppleWebKit/537.4 (KHTML, like Gecko) Chrome/22.0.1229.94 Safari/537.4"
188.221.82.209 - - [29/Oct/2012:00:49:57 +0000] "GET /modules/forum/forum.css?mcibwd HTTP/1.1" 304 - "http://intranet.world-federation.org/civicrm/mailing/report?mid=55&reset=1" "Mozilla/5.0 (Macintosh; Intel Mac OS X 10_7_4) AppleWebKit/537.4 (KHTML, like Gecko) Chrome/22.0.1229.94 Safari/537.4"
188.221.82.209 - - [29/Oct/2012:00:49:57 +0000] "GET /sites/all/modules/views/css/views.css?mcibwd HTTP/1.1" 304 - "http://intranet.world-federation.org/civicrm/mailing/report?mid=55&reset=1" "Mozilla/5.0 (Macintosh; Intel Mac OS X 10_7_4) AppleWebKit/537.4 (KHTML, like Gecko) Chrome/22.0.1229.94 Safari/537.4"
188.221.82.209 - - [29/Oct/2012:00:49:57 +0000] "GET /sites/all/modules/ctools/css/ctools.css?mcibwd HTTP/1.1" 304 - "http://intranet.world-federation.org/civicrm/mailing/report?mid=55&reset=1" "Mozilla/5.0 (Macintosh; Intel Mac OS X 10_7_4) AppleWebKit/537.4 (KHTML, like Gecko) Chrome/22.0.1229.94 Safari/537.4"
188.221.82.209 - - [29/Oct/2012:00:49:57 +0000] "GET /sites/all/modules/nice_menus/nice_menus.css?mcibwd HTTP/1.1" 304 - "http://intranet.world-federation.org/civicrm/mailing/report?mid=55&reset=1" "Mozilla/5.0 (Macintosh; Intel Mac OS X 10_7_4) AppleWebKit/537.4 (KHTML, like Gecko) Chrome/22.0.1229.94 Safari/537.4"
188.221.82.209 - - [29/Oct/2012:00:49:57 +0000] "GET /sites/all/modules/nice_menus/nice_menus_default.css?mcibwd HTTP/1.1" 304 - "http://intranet.world-federation.org/civicrm/mailing/report?mid=55&reset=1" "Mozilla/5.0 (Macintosh; Intel Mac OS X 10_7_4) AppleWebKit/537.4 (KHTML, like Gecko) Chrome/22.0.1229.94 Safari/537.4"
188.221.82.209 - - [29/Oct/2012:00:49:57 +0000] "GET /sites/all/modules/civicrm/packages/jquery/jquery-ui-1.8.16/css/smoothness/jquery-ui-1.8.16.custom.css?mcibwd HTTP/1.1" 304 - "http://intranet.world-federation.org/civicrm/mailing/report?mid=55&reset=1" "Mozilla/5.0 (Macintosh; Intel Mac OS X 10_7_4) AppleWebKit/537.4 (KHTML, like Gecko) Chrome/22.0.1229.94 Safari/537.4"
188.221.82.209 - - [29/Oct/2012:00:49:57 +0000] "GET /sites/all/modules/civicrm/packages/jquery/css/jquery.autocomplete.css?mcibwd HTTP/1.1" 304 - "http://intranet.world-federation.org/civicrm/mailing/report?mid=55&reset=1" "Mozilla/5.0 (Macintosh; Intel Mac OS X 10_7_4) AppleWebKit/537.4 (KHTML, like Gecko) Chrome/22.0.1229.94 Safari/537.4"
188.221.82.209 - - [29/Oct/2012:00:49:57 +0000] "GET /sites/all/modules/civicrm/packages/jquery/css/menu.css?mcibwd HTTP/1.1" 304 - "http://intranet.world-federation.org/civicrm/mailing/report?mid=55&reset=1" "Mozilla/5.0 (Macintosh; Intel Mac OS X 10_7_4) AppleWebKit/537.4 (KHTML, like Gecko) Chrome/22.0.1229.94 Safari/537.4"
188.221.82.209 - - [29/Oct/2012:00:49:57 +0000] "GET /sites/all/modules/civicrm/packages/jquery/css/token-input-facebook.css?mcibwd HTTP/1.1" 304 - "http://intranet.world-federation.org/civicrm/mailing/report?mid=55&reset=1" "Mozilla/5.0 (Macintosh; Intel Mac OS X 10_7_4) AppleWebKit/537.4 (KHTML, like Gecko) Chrome/22.0.1229.94 Safari/537.4"
188.221.82.209 - - [29/Oct/2012:00:49:57 +0000] "GET /sites/all/modules/civicrm/packages/jquery/plugins/DataTables/media/css/demo_table_jui.css?mcibwd HTTP/1.1" 304 - "http://intranet.world-federation.org/civicrm/mailing/report?mid=55&reset=1" "Mozilla/5.0 (Macintosh; Intel Mac OS X 10_7_4) AppleWebKit/537.4 (KHTML, like Gecko) Chrome/22.0.1229.94 Safari/537.4"
188.221.82.209 - - [29/Oct/2012:00:49:57 +0000] "GET /sites/all/modules/civicrm/packages/jquery/css/dashboard.css?mcibwd HTTP/1.1" 304 - "http://intranet.world-federation.org/civicrm/mailing/report?mid=55&reset=1" "Mozilla/5.0 (Macintosh; Intel Mac OS X 10_7_4) AppleWebKit/537.4 (KHTML, like Gecko) Chrome/22.0.1229.94 Safari/537.4"
188.221.82.209 - - [29/Oct/2012:00:49:57 +0000] "GET /sites/all/modules/civicrm/css/deprecate.css?mcibwd HTTP/1.1" 304 - "http://intranet.world-federation.org/civicrm/mailing/report?mid=55&reset=1" "Mozilla/5.0 (Macintosh; Intel Mac OS X 10_7_4) AppleWebKit/537.4 (KHTML, like Gecko) Chrome/22.0.1229.94 Safari/537.4"
188.221.82.209 - - [29/Oct/2012:00:49:57 +0000] "GET /sites/all/modules/civicrm/css/civicrm.css?mcibwd HTTP/1.1" 304 - "http://intranet.world-federation.org/civicrm/mailing/report?mid=55&reset=1" "Mozilla/5.0 (Macintosh; Intel Mac OS X 10_7_4) AppleWebKit/537.4 (KHTML, like Gecko) Chrome/22.0.1229.94 Safari/537.4"
188.221.82.209 - - [29/Oct/2012:00:49:57 +0000] "GET /sites/all/modules/civicrm/css/extras.css?mcibwd HTTP/1.1" 304 - "http://intranet.world-federation.org/civicrm/mailing/report?mid=55&reset=1" "Mozilla/5.0 (Macintosh; Intel Mac OS X 10_7_4) AppleWebKit/537.4 (KHTML, like Gecko) Chrome/22.0.1229.94 Safari/537.4"
188.221.82.209 - - [29/Oct/2012:00:49:57 +0000] "GET /modules/shortcut/shortcut.css?mcibwd HTTP/1.1" 304 - "http://intranet.world-federation.org/civicrm/mailing/report?mid=55&reset=1" "Mozilla/5.0 (Macintosh; Intel Mac OS X 10_7_4) AppleWebKit/537.4 (KHTML, like Gecko) Chrome/22.0.1229.94 Safari/537.4"
188.221.82.209 - - [29/Oct/2012:00:49:58 +0000] "GET /modules/toolbar/toolbar.css?mcibwd HTTP/1.1" 304 - "http://intranet.world-federation.org/civicrm/mailing/report?mid=55&reset=1" "Mozilla/5.0 (Macintosh; Intel Mac OS X 10_7_4) AppleWebKit/537.4 (KHTML, like Gecko) Chrome/22.0.1229.94 Safari/537.4"
188.221.82.209 - - [29/Oct/2012:00:49:58 +0000] "GET /themes/bartik/css/layout.css?mcibwd HTTP/1.1" 304 - "http://intranet.world-federation.org/civicrm/mailing/report?mid=55&reset=1" "Mozilla/5.0 (Macintosh; Intel Mac OS X 10_7_4) AppleWebKit/537.4 (KHTML, like Gecko) Chrome/22.0.1229.94 Safari/537.4"
188.221.82.209 - - [29/Oct/2012:00:49:58 +0000] "GET /themes/bartik/css/style.css?mcibwd HTTP/1.1" 304 - "http://intranet.world-federation.org/civicrm/mailing/report?mid=55&reset=1" "Mozilla/5.0 (Macintosh; Intel Mac OS X 10_7_4) AppleWebKit/537.4 (KHTML, like Gecko) Chrome/22.0.1229.94 Safari/537.4"
188.221.82.209 - - [29/Oct/2012:00:49:58 +0000] "GET /themes/bartik/css/colors.css?mcibwd HTTP/1.1" 304 - "http://intranet.world-federation.org/civicrm/mailing/report?mid=55&reset=1" "Mozilla/5.0 (Macintosh; Intel Mac OS X 10_7_4) AppleWebKit/537.4 (KHTML, like Gecko) Chrome/22.0.1229.94 Safari/537.4"
188.221.82.209 - - [29/Oct/2012:00:49:58 +0000] "GET /themes/bartik/css/print.css?mcibwd HTTP/1.1" 304 - "http://intranet.world-federation.org/civicrm/mailing/report?mid=55&reset=1" "Mozilla/5.0 (Macintosh; Intel Mac OS X 10_7_4) AppleWebKit/537.4 (KHTML, like Gecko) Chrome/22.0.1229.94 Safari/537.4"
188.221.82.209 - - [29/Oct/2012:00:49:58 +0000] "GET /misc/jquery.js?v=1.4.4 HTTP/1.1" 304 - "http://intranet.world-federation.org/civicrm/mailing/report?mid=55&reset=1" "Mozilla/5.0 (Macintosh; Intel Mac OS X 10_7_4) AppleWebKit/537.4 (KHTML, like Gecko) Chrome/22.0.1229.94 Safari/537.4"
188.221.82.209 - - [29/Oct/2012:00:49:58 +0000] "GET /misc/jquery.once.js?v=1.2 HTTP/1.1" 304 - "http://intranet.world-federation.org/civicrm/mailing/report?mid=55&reset=1" "Mozilla/5.0 (Macintosh; Intel Mac OS X 10_7_4) AppleWebKit/537.4 (KHTML, like Gecko) Chrome/22.0.1229.94 Safari/537.4"
188.221.82.209 - - [29/Oct/2012:00:49:58 +0000] "GET /misc/drupal.js?mcibwd HTTP/1.1" 304 - "http://intranet.world-federation.org/civicrm/mailing/report?mid=55&reset=1" "Mozilla/5.0 (Macintosh; Intel Mac OS X 10_7_4) AppleWebKit/537.4 (KHTML, like Gecko) Chrome/22.0.1229.94 Safari/537.4"
188.221.82.209 - - [29/Oct/2012:00:49:58 +0000] "GET /misc/ui/jquery.ui.core.min.js?v=1.8.7 HTTP/1.1" 304 - "http://intranet.world-federation.org/civicrm/mailing/report?mid=55&reset=1" "Mozilla/5.0 (Macintosh; Intel Mac OS X 10_7_4) AppleWebKit/537.4 (KHTML, like Gecko) Chrome/22.0.1229.94 Safari/537.4"
188.221.82.209 - - [29/Oct/2012:00:49:58 +0000] "GET /misc/jquery.ba-bbq.js?v=1.2.1 HTTP/1.1" 304 - "http://intranet.world-federation.org/civicrm/mailing/report?mid=55&reset=1" "Mozilla/5.0 (Macintosh; Intel Mac OS X 10_7_4) AppleWebKit/537.4 (KHTML, like Gecko) Chrome/22.0.1229.94 Safari/537.4"
188.221.82.209 - - [29/Oct/2012:00:49:58 +0000] "GET /modules/overlay/overlay-parent.js?v=1.0 HTTP/1.1" 304 - "http://intranet.world-federation.org/civicrm/mailing/report?mid=55&reset=1" "Mozilla/5.0 (Macintosh; Intel Mac OS X 10_7_4) AppleWebKit/537.4 (KHTML, like Gecko) Chrome/22.0.1229.94 Safari/537.4"
188.221.82.209 - - [29/Oct/2012:00:49:58 +0000] "GET /modules/contextual/contextual.js?v=1.0 HTTP/1.1" 304 - "http://intranet.world-federation.org/civicrm/mailing/report?mid=55&reset=1" "Mozilla/5.0 (Macintosh; Intel Mac OS X 10_7_4) AppleWebKit/537.4 (KHTML, like Gecko) Chrome/22.0.1229.94 Safari/537.4"
188.221.82.209 - - [29/Oct/2012:00:49:58 +0000] "GET /misc/jquery.cookie.js?v=1.0 HTTP/1.1" 304 - "http://intranet.world-federation.org/civicrm/mailing/report?mid=55&reset=1" "Mozilla/5.0 (Macintosh; Intel Mac OS X 10_7_4) AppleWebKit/537.4 (KHTML, like Gecko) Chrome/22.0.1229.94 Safari/537.4"
188.221.82.209 - - [29/Oct/2012:00:49:58 +0000] "GET /sites/all/modules/civicrm/packages/jquery/jquery.min.js?mcibwd HTTP/1.1" 304 - "http://intranet.world-federation.org/civicrm/mailing/report?mid=55&reset=1" "Mozilla/5.0 (Macintosh; Intel Mac OS X 10_7_4) AppleWebKit/537.4 (KHTML, like Gecko) Chrome/22.0.1229.94 Safari/537.4"
188.221.82.209 - - [29/Oct/2012:00:49:58 +0000] "GET /sites/all/modules/civicrm/packages/jquery/jquery-ui-1.8.16/js/jquery-ui-1.8.16.custom.min.js?mcibwd HTTP/1.1" 304 - "http://intranet.world-federation.org/civicrm/mailing/report?mid=55&reset=1" "Mozilla/5.0 (Macintosh; Intel Mac OS X 10_7_4) AppleWebKit/537.4 (KHTML, like Gecko) Chrome/22.0.1229.94 Safari/537.4"
188.221.82.209 - - [29/Oct/2012:00:49:58 +0000] "GET /sites/all/modules/civicrm/packages/jquery/plugins/jquery.autocomplete.js?mcibwd HTTP/1.1" 304 - "http://intranet.world-federation.org/civicrm/mailing/report?mid=55&reset=1" "Mozilla/5.0 (Macintosh; Intel Mac OS X 10_7_4) AppleWebKit/537.4 (KHTML, like Gecko) Chrome/22.0.1229.94 Safari/537.4"
188.221.82.209 - - [29/Oct/2012:00:49:58 +0000] "GET /sites/all/modules/civicrm/packages/jquery/plugins/jstree/jquery.jstree.js?mcibwd HTTP/1.1" 304 - "http://intranet.world-federation.org/civicrm/mailing/report?mid=55&reset=1" "Mozilla/5.0 (Macintosh; Intel Mac OS X 10_7_4) AppleWebKit/537.4 (KHTML, like Gecko) Chrome/22.0.1229.94 Safari/537.4"
188.221.82.209 - - [29/Oct/2012:00:49:58 +0000] "GET /sites/all/modules/civicrm/packages/jquery/plugins/jquery.chainedSelects.js?mcibwd HTTP/1.1" 304 - "http://intranet.world-federation.org/civicrm/mailing/report?mid=55&reset=1" "Mozilla/5.0 (Macintosh; Intel Mac OS X 10_7_4) AppleWebKit/537.4 (KHTML, like Gecko) Chrome/22.0.1229.94 Safari/537.4"
188.221.82.209 - - [29/Oct/2012:00:49:58 +0000] "GET /sites/all/modules/civicrm/packages/jquery/plugins/jquery.menu.pack.js?mcibwd HTTP/1.1" 304 - "http://intranet.world-federation.org/civicrm/mailing/report?mid=55&reset=1" "Mozilla/5.0 (Macintosh; Intel Mac OS X 10_7_4) AppleWebKit/537.4 (KHTML, like Gecko) Chrome/22.0.1229.94 Safari/537.4"
188.221.82.209 - - [29/Oct/2012:00:49:58 +0000] "GET /sites/all/modules/civicrm/packages/jquery/plugins/jquery.textarearesizer.js?mcibwd HTTP/1.1" 304 - "http://intranet.world-federation.org/civicrm/mailing/report?mid=55&reset=1" "Mozilla/5.0 (Macintosh; Intel Mac OS X 10_7_4) AppleWebKit/537.4 (KHTML, like Gecko) Chrome/22.0.1229.94 Safari/537.4"
188.221.82.209 - - [29/Oct/2012:00:49:58 +0000] "GET /sites/all/modules/civicrm/packages/jquery/plugins/jquery.contextMenu.js?mcibwd HTTP/1.1" 304 - "http://intranet.world-federation.org/civicrm/mailing/report?mid=55&reset=1" "Mozilla/5.0 (Macintosh; Intel Mac OS X 10_7_4) AppleWebKit/537.4 (KHTML, like Gecko) Chrome/22.0.1229.94 Safari/537.4"
188.221.82.209 - - [29/Oct/2012:00:49:58 +0000] "GET /sites/all/modules/civicrm/packages/jquery/plugins/jquery.tableHeader.js?mcibwd HTTP/1.1" 304 - "http://intranet.world-federation.org/civicrm/mailing/report?mid=55&reset=1" "Mozilla/5.0 (Macintosh; Intel Mac OS X 10_7_4) AppleWebKit/537.4 (KHTML, like Gecko) Chrome/22.0.1229.94 Safari/537.4"
188.221.82.209 - - [29/Oct/2012:00:49:58 +0000] "GET /sites/all/modules/civicrm/packages/jquery/plugins/jquery.form.js?mcibwd HTTP/1.1" 304 - "http://intranet.world-federation.org/civicrm/mailing/report?mid=55&reset=1" "Mozilla/5.0 (Macintosh; Intel Mac OS X 10_7_4) AppleWebKit/537.4 (KHTML, like Gecko) Chrome/22.0.1229.94 Safari/537.4"
188.221.82.209 - - [29/Oct/2012:00:49:58 +0000] "GET /sites/all/modules/civicrm/packages/jquery/plugins/jquery.tokeninput.js?mcibwd HTTP/1.1" 304 - "http://intranet.world-federation.org/civicrm/mailing/report?mid=55&reset=1" "Mozilla/5.0 (Macintosh; Intel Mac OS X 10_7_4) AppleWebKit/537.4 (KHTML, like Gecko) Chrome/22.0.1229.94 Safari/537.4"
188.221.82.209 - - [29/Oct/2012:00:49:58 +0000] "GET /sites/all/modules/civicrm/packages/jquery/plugins/jquery.toolTip.js?mcibwd HTTP/1.1" 304 - "http://intranet.world-federation.org/civicrm/mailing/report?mid=55&reset=1" "Mozilla/5.0 (Macintosh; Intel Mac OS X 10_7_4) AppleWebKit/537.4 (KHTML, like Gecko) Chrome/22.0.1229.94 Safari/537.4"
188.221.82.209 - - [29/Oct/2012:00:49:58 +0000] "GET /sites/all/modules/civicrm/packages/jquery/plugins/jquery.mousewheel.pack.js?mcibwd HTTP/1.1" 304 - "http://intranet.world-federation.org/civicrm/mailing/report?mid=55&reset=1" "Mozilla/5.0 (Macintosh; Intel Mac OS X 10_7_4) AppleWebKit/537.4 (KHTML, like Gecko) Chrome/22.0.1229.94 Safari/537.4"
188.221.82.209 - - [29/Oct/2012:00:49:58 +0000] "GET /sites/all/modules/civicrm/packages/jquery/plugins/jquery.timeentry.pack.js?mcibwd HTTP/1.1" 304 - "http://intranet.world-federation.org/civicrm/mailing/report?mid=55&reset=1" "Mozilla/5.0 (Macintosh; Intel Mac OS X 10_7_4) AppleWebKit/537.4 (KHTML, like Gecko) Chrome/22.0.1229.94 Safari/537.4"
188.221.82.209 - - [29/Oct/2012:00:49:58 +0000] "GET /sites/all/modules/civicrm/packages/jquery/plugins/DataTables/media/js/jquery.dataTables.min.js?mcibwd HTTP/1.1" 304 - "http://intranet.world-federation.org/civicrm/mailing/report?mid=55&reset=1" "Mozilla/5.0 (Macintosh; Intel Mac OS X 10_7_4) AppleWebKit/537.4 (KHTML, like Gecko) Chrome/22.0.1229.94 Safari/537.4"
188.221.82.209 - - [29/Oct/2012:00:49:58 +0000] "GET /sites/all/modules/civicrm/packages/jquery/plugins/jquery.dashboard.js?mcibwd HTTP/1.1" 304 - "http://intranet.world-federation.org/civicrm/mailing/report?mid=55&reset=1" "Mozilla/5.0 (Macintosh; Intel Mac OS X 10_7_4) AppleWebKit/537.4 (KHTML, like Gecko) Chrome/22.0.1229.94 Safari/537.4"
188.221.82.209 - - [29/Oct/2012:00:49:58 +0000] "GET /sites/all/modules/civicrm/packages/jquery/plugins/jquery.FormNavigate.js?mcibwd HTTP/1.1" 304 - "http://intranet.world-federation.org/civicrm/mailing/report?mid=55&reset=1" "Mozilla/5.0 (Macintosh; Intel Mac OS X 10_7_4) AppleWebKit/537.4 (KHTML, like Gecko) Chrome/22.0.1229.94 Safari/537.4"
188.221.82.209 - - [29/Oct/2012:00:49:58 +0000] "GET /sites/all/modules/civicrm/packages/jquery/plugins/jquery.validate.js?mcibwd HTTP/1.1" 304 - "http://intranet.world-federation.org/civicrm/mailing/report?mid=55&reset=1" "Mozilla/5.0 (Macintosh; Intel Mac OS X 10_7_4) AppleWebKit/537.4 (KHTML, like Gecko) Chrome/22.0.1229.94 Safari/537.4"
